Session actual:
Array
(
    [user_id] => 1
    [user] => Array
        (
            [id] => 1
            [email] => ikusa.creativestudio@gmail.com
            [name] => Ikusa Creative Studio
            [role] => admin
        )

)

Session actual:
Array
(
    [user_id] => 1
    [user] => Array
        (
            [id] => 1
            [email] => ikusa.creativestudio@gmail.com
            [name] => Ikusa Creative Studio
            [role] => admin
        )

)

Session actual:
Array
(
    [user_id] => 1
    [user] => Array
        (
            [id] => 1
            [email] => ikusa.creativestudio@gmail.com
            [name] => Ikusa Creative Studio
            [role] => admin
        )

)

Session actual:
Array
(
    [user_id] => 1
    [user] => Array
        (
            [id] => 1
            [email] => ikusa.creativestudio@gmail.com
            [name] => Ikusa Creative Studio
            [role] => admin
        )

)

Session actual:
Array
(
    [user_id] => 1
    [user] => Array
        (
            [id] => 1
            [email] => ikusa.creativestudio@gmail.com
            [name] => Ikusa Creative Studio
            [role] => admin
        )

)

Session actual:
Array
(
    [user_id] => 1
    [user] => Array
        (
            [id] => 1
            [email] => ikusa.creativestudio@gmail.com
            [name] => Ikusa Creative Studio
            [role] => admin
        )

)

Session actual:
Array
(
    [user_id] => 1
    [user] => Array
        (
            [id] => 1
            [email] => ikusa.creativestudio@gmail.com
            [name] => Ikusa Creative Studio
            [role] => admin
        )

)

Session actual:
Array
(
    [user_id] => 1
    [user] => Array
        (
            [id] => 1
            [email] => ikusa.creativestudio@gmail.com
            [name] => Ikusa Creative Studio
            [role] => admin
        )

)

Session actual:
Array
(
    [user_id] => 1
    [user] => Array
        (
            [id] => 1
            [email] => ikusa.creativestudio@gmail.com
            [name] => Ikusa Creative Studio
            [role] => admin
        )

)

Session actual:
Array
(
    [user_id] => 1
    [user] => Array
        (
            [id] => 1
            [email] => ikusa.creativestudio@gmail.com
            [name] => Ikusa Creative Studio
            [role] => admin
        )

)

Session actual:
Array
(
    [user_id] => 1
    [user] => Array
        (
            [id] => 1
            [email] => ikusa.creativestudio@gmail.com
            [name] => Ikusa Creative Studio
            [role] => admin
        )

)

Session actual:
Array
(
    [user_id] => 1
    [user] => Array
        (
            [id] => 1
            [email] => ikusa.creativestudio@gmail.com
            [name] => Ikusa Creative Studio
            [role] => admin
        )

)

Session actual:
Array
(
    [user_id] => 1
    [user] => Array
        (
            [id] => 1
            [email] => ikusa.creativestudio@gmail.com
            [name] => Ikusa Creative Studio
            [role] => admin
        )

)

Session actual:
Array
(
    [user_id] => 1
    [user] => Array
        (
            [id] => 1
            [email] => ikusa.creativestudio@gmail.com
            [name] => Ikusa Creative Studio
            [role] => admin
        )

)

Session actual:
Array
(
    [user_id] => 1
    [user] => Array
        (
            [id] => 1
            [email] => ikusa.creativestudio@gmail.com
            [name] => Ikusa Creative Studio
            [role] => admin
        )

)

Session actual:
Array
(
    [user_id] => 1
    [user] => Array
        (
            [id] => 1
            [email] => ikusa.creativestudio@gmail.com
            [name] => Ikusa Creative Studio
            [role] => admin
        )

)

Session actual:
Array
(
    [user_id] => 1
    [user] => Array
        (
            [id] => 1
            [email] => ikusa.creativestudio@gmail.com
            [name] => Ikusa Creative Studio
            [role] => admin
        )

)

Session actual:
Array
(
    [user_id] => 1
    [user] => Array
        (
            [id] => 1
            [email] => ikusa.creativestudio@gmail.com
            [name] => Ikusa Creative Studio
            [role] => admin
        )

)

Session actual:
Array
(
    [user_id] => 1
    [user] => Array
        (
            [id] => 1
            [email] => ikusa.creativestudio@gmail.com
            [name] => Ikusa Creative Studio
            [role] => admin
        )

)

Session actual:
Array
(
    [user_id] => 1
    [user] => Array
        (
            [id] => 1
            [email] => ikusa.creativestudio@gmail.com
            [name] => Ikusa Creative Studio
            [role] => admin
        )

)

Session actual:
Array
(
    [user_id] => 1
    [user] => Array
        (
            [id] => 1
            [email] => ikusa.creativestudio@gmail.com
            [name] => Ikusa Creative Studio
            [role] => admin
        )

)

Session actual:
Array
(
    [user_id] => 2
    [user] => Array
        (
            [id] => 2
            [email] => ikusa.ads@gmail.com
            [name] => Ikusa LLC
            [role] => admin
        )

)

Session actual:
Array
(
    [user_id] => 2
    [user] => Array
        (
            [id] => 2
            [email] => ikusa.ads@gmail.com
            [name] => Ikusa LLC
            [role] => admin
        )

)

Session actual:
Array
(
    [user_id] => 1
    [user] => Array
        (
            [id] => 1
            [email] => ikusa.creativestudio@gmail.com
            [name] => Ikusa Creative Studio
            [role] => admin
        )

    [lang] => ES
)

Session actual:
Array
(
    [user_id] => 1
    [user] => Array
        (
            [id] => 1
            [email] => ikusa.creativestudio@gmail.com
            [name] => Ikusa Creative Studio
            [role] => admin
        )

    [lang] => EN
)

Session actual:
Array
(
    [user_id] => 1
    [user] => Array
        (
            [id] => 1
            [email] => ikusa.creativestudio@gmail.com
            [name] => Ikusa Creative Studio
            [role] => admin
        )

    [lang] => EN
)

Session actual:
Array
(
    [lang] => EN
    [user_id] => 1
    [user] => Array
        (
            [id] => 1
            [email] => ikusa.creativestudio@gmail.com
            [name] => Ikusa Creative Studio
            [role] => admin
        )

)

Session actual:
Array
(
    [lang] => ES
    [user_id] => 1
    [user] => Array
        (
            [id] => 1
            [email] => ikusa.creativestudio@gmail.com
            [name] => Ikusa Creative Studio
            [role] => admin
        )

)

Session actual:
Array
(
    [user_id] => 1
    [user] => Array
        (
            [id] => 1
            [email] => ikusa.ads@gmail.com
            [name] => Ikusa LLC
            [role] => user
        )

)

Session actual:
Array
(
    [user_id] => 1
    [user] => Array
        (
            [id] => 1
            [email] => ikusa.ads@gmail.com
            [name] => Ikusa LLC
            [role] => admin
        )

)

Session actual:
Array
(
    [user_id] => 1
    [user] => Array
        (
            [id] => 1
            [email] => ikusa.ads@gmail.com
            [name] => Ikusa LLC
            [role] => admin
        )

)

